// Jest Snapshot v1, https://goo.gl/fbAQLP

exports[`renders the events 1`] = `
<DocumentFragment>
  <div
    class="fc fc-media-screen fc-direction-ltr fc-theme-standard fc-liquid-hack"
  >
    <div
      class="fc-view-harness fc-view-harness-active"
      style="padding-bottom: 74.07407407407408%; height: 0px;"
    >
      <div
        class="fc-timegrid fc-timeGridWeek-view fc-view"
      >
        <table
          class="fc-scrollgrid  fc-scrollgrid-liquid"
        >
          <tbody>
            <tr
              class="fc-scrollgrid-section fc-scrollgrid-section-header "
            >
              <td>
                <div
                  class="fc-scroller-harness"
                >
                  <div
                    class="fc-scroller"
                    style="overflow-x: hidden; overflow-y: hidden;"
                  >
                    <table
                      class="fc-col-header "
                      style="width: 0px;"
                    >
                      <colgroup>
                        <col
                          style="width: 0px;"
                        />
                      </colgroup>
                      <tbody>
                        <tr>
                          <th
                            class="fc-timegrid-axis"
                          >
                            <div
                              class="fc-timegrid-axis-frame"
                            />
                          </th>
                          <th
                            class="fc-col-header-cell fc-day fc-day-mon fc-day-past"
                            data-date="2020-12-28"
                          >
                            <div
                              class="fc-scrollgrid-sync-inner"
                            >
                              <a
                                class="fc-col-header-cell-cushion "
                              >
                                Mon 12/28
                              </a>
                            </div>
                          </th>
                          <th
                            class="fc-col-header-cell fc-day fc-day-tue fc-day-past"
                            data-date="2020-12-29"
                          >
                            <div
                              class="fc-scrollgrid-sync-inner"
                            >
                              <a
                                class="fc-col-header-cell-cushion "
                              >
                                Tue 12/29
                              </a>
                            </div>
                          </th>
                          <th
                            class="fc-col-header-cell fc-day fc-day-wed fc-day-past"
                            data-date="2020-12-30"
                          >
                            <div
                              class="fc-scrollgrid-sync-inner"
                            >
                              <a
                                class="fc-col-header-cell-cushion "
                              >
                                Wed 12/30
                              </a>
                            </div>
                          </th>
                          <th
                            class="fc-col-header-cell fc-day fc-day-thu fc-day-past"
                            data-date="2020-12-31"
                          >
                            <div
                              class="fc-scrollgrid-sync-inner"
                            >
                              <a
                                class="fc-col-header-cell-cushion "
                              >
                                Thu 12/31
                              </a>
                            </div>
                          </th>
                          <th
                            class="fc-col-header-cell fc-day fc-day-fri fc-day-past"
                            data-date="2021-01-01"
                          >
                            <div
                              class="fc-scrollgrid-sync-inner"
                            >
                              <a
                                class="fc-col-header-cell-cushion "
                              >
                                Fri 1/1
                              </a>
                            </div>
                          </th>
                          <th
                            class="fc-col-header-cell fc-day fc-day-sat fc-day-past"
                            data-date="2021-01-02"
                          >
                            <div
                              class="fc-scrollgrid-sync-inner"
                            >
                              <a
                                class="fc-col-header-cell-cushion "
                              >
                                Sat 1/2
                              </a>
                            </div>
                          </th>
                          <th
                            class="fc-col-header-cell fc-day fc-day-sun fc-day-past"
                            data-date="2021-01-03"
                          >
                            <div
                              class="fc-scrollgrid-sync-inner"
                            >
                              <a
                                class="fc-col-header-cell-cushion "
                              >
                                Sun 1/3
                              </a>
                            </div>
                          </th>
                        </tr>
                      </tbody>
                    </table>
                  </div>
                </div>
              </td>
            </tr>
            <tr
              class="fc-scrollgrid-section fc-scrollgrid-section-body  fc-scrollgrid-section-liquid"
            >
              <td>
                <div
                  class="fc-scroller-harness fc-scroller-harness-liquid"
                >
                  <div
                    class="fc-scroller fc-scroller-liquid-absolute"
                    style="overflow-x: hidden; overflow-y: auto;"
                  >
                    <div
                      class="fc-timegrid-body"
                      style="width: 0px;"
                    >
                      <div
                        class="fc-timegrid-slots"
                      >
                        <table
                          class=""
                          style="width: 0px;"
                        >
                          <colgroup>
                            <col
                              style="width: 0px;"
                            />
                          </colgroup>
                          <tbody>
                            <tr>
                              <td
                                class="fc-timegrid-slot fc-timegrid-slot-label fc-scrollgrid-shrink"
                                data-time="00:00:00"
                              >
                                <div
                                  class="fc-timegrid-slot-label-frame fc-scrollgrid-shrink-frame"
                                >
                                  <div
                                    class="fc-timegrid-slot-label-cushion fc-scrollgrid-shrink-cushion"
                                  >
                                    12am
                                  </div>
                                </div>
                              </td>
                              <td
                                class="fc-timegrid-slot fc-timegrid-slot-lane "
                                data-time="00:00:00"
                              />
                            </tr>
                            <tr>
                              <td
                                class="fc-timegrid-slot fc-timegrid-slot-label fc-timegrid-slot-minor"
                                data-time="00:30:00"
                              />
                              <td
                                class="fc-timegrid-slot fc-timegrid-slot-lane fc-timegrid-slot-minor"
                                data-time="00:30:00"
                              />
                            </tr>
                            <tr>
                              <td
                                class="fc-timegrid-slot fc-timegrid-slot-label fc-scrollgrid-shrink"
                                data-time="01:00:00"
                              >
                                <div
                                  class="fc-timegrid-slot-label-frame fc-scrollgrid-shrink-frame"
                                >
                                  <div
                                    class="fc-timegrid-slot-label-cushion fc-scrollgrid-shrink-cushion"
                                  >
                                    1am
                                  </div>
                                </div>
                              </td>
                              <td
                                class="fc-timegrid-slot fc-timegrid-slot-lane "
                                data-time="01:00:00"
                              />
                            </tr>
                            <tr>
                              <td
                                class="fc-timegrid-slot fc-timegrid-slot-label fc-timegrid-slot-minor"
                                data-time="01:30:00"
                              />
                              <td
                                class="fc-timegrid-slot fc-timegrid-slot-lane fc-timegrid-slot-minor"
                                data-time="01:30:00"
                              />
                            </tr>
                            <tr>
                              <td
                                class="fc-timegrid-slot fc-timegrid-slot-label fc-scrollgrid-shrink"
                                data-time="02:00:00"
                              >
                                <div
                                  class="fc-timegrid-slot-label-frame fc-scrollgrid-shrink-frame"
                                >
                                  <div
                                    class="fc-timegrid-slot-label-cushion fc-scrollgrid-shrink-cushion"
                                  >
                                    2am
                                  </div>
                                </div>
                              </td>
                              <td
                                class="fc-timegrid-slot fc-timegrid-slot-lane "
                                data-time="02:00:00"
                              />
                            </tr>
                            <tr>
                              <td
                                class="fc-timegrid-slot fc-timegrid-slot-label fc-timegrid-slot-minor"
                                data-time="02:30:00"
                              />
                              <td
                                class="fc-timegrid-slot fc-timegrid-slot-lane fc-timegrid-slot-minor"
                                data-time="02:30:00"
                              />
                            </tr>
                            <tr>
                              <td
                                class="fc-timegrid-slot fc-timegrid-slot-label fc-scrollgrid-shrink"
                                data-time="03:00:00"
                              >
                                <div
                                  class="fc-timegrid-slot-label-frame fc-scrollgrid-shrink-frame"
                                >
                                  <div
                                    class="fc-timegrid-slot-label-cushion fc-scrollgrid-shrink-cushion"
                                  >
                                    3am
                                  </div>
                                </div>
                              </td>
                              <td
                                class="fc-timegrid-slot fc-timegrid-slot-lane "
                                data-time="03:00:00"
                              />
                            </tr>
                            <tr>
                              <td
                                class="fc-timegrid-slot fc-timegrid-slot-label fc-timegrid-slot-minor"
                                data-time="03:30:00"
                              />
                              <td
                                class="fc-timegrid-slot fc-timegrid-slot-lane fc-timegrid-slot-minor"
                                data-time="03:30:00"
                              />
                            </tr>
                            <tr>
                              <td
                                class="fc-timegrid-slot fc-timegrid-slot-label fc-scrollgrid-shrink"
                                data-time="04:00:00"
                              >
                                <div
                                  class="fc-timegrid-slot-label-frame fc-scrollgrid-shrink-frame"
                                >
                                  <div
                                    class="fc-timegrid-slot-label-cushion fc-scrollgrid-shrink-cushion"
                                  >
                                    4am
                                  </div>
                                </div>
                              </td>
                              <td
                                class="fc-timegrid-slot fc-timegrid-slot-lane "
                                data-time="04:00:00"
                              />
                            </tr>
                            <tr>
                              <td
                                class="fc-timegrid-slot fc-timegrid-slot-label fc-timegrid-slot-minor"
                                data-time="04:30:00"
                              />
                              <td
                                class="fc-timegrid-slot fc-timegrid-slot-lane fc-timegrid-slot-minor"
                                data-time="04:30:00"
                              />
                            </tr>
                            <tr>
                              <td
                                class="fc-timegrid-slot fc-timegrid-slot-label fc-scrollgrid-shrink"
                                data-time="05:00:00"
                              >
                                <div
                                  class="fc-timegrid-slot-label-frame fc-scrollgrid-shrink-frame"
                                >
                                  <div
                                    class="fc-timegrid-slot-label-cushion fc-scrollgrid-shrink-cushion"
                                  >
                                    5am
                                  </div>
                                </div>
                              </td>
                              <td
                                class="fc-timegrid-slot fc-timegrid-slot-lane "
                                data-time="05:00:00"
                              />
                            </tr>
                            <tr>
                              <td
                                class="fc-timegrid-slot fc-timegrid-slot-label fc-timegrid-slot-minor"
                                data-time="05:30:00"
                              />
                              <td
                                class="fc-timegrid-slot fc-timegrid-slot-lane fc-timegrid-slot-minor"
                                data-time="05:30:00"
                              />
                            </tr>
                            <tr>
                              <td
                                class="fc-timegrid-slot fc-timegrid-slot-label fc-scrollgrid-shrink"
                                data-time="06:00:00"
                              >
                                <div
                                  class="fc-timegrid-slot-label-frame fc-scrollgrid-shrink-frame"
                                >
                                  <div
                                    class="fc-timegrid-slot-label-cushion fc-scrollgrid-shrink-cushion"
                                  >
                                    6am
                                  </div>
                                </div>
                              </td>
                              <td
                                class="fc-timegrid-slot fc-timegrid-slot-lane "
                                data-time="06:00:00"
                              />
                            </tr>
                            <tr>
                              <td
                                class="fc-timegrid-slot fc-timegrid-slot-label fc-timegrid-slot-minor"
                                data-time="06:30:00"
                              />
                              <td
                                class="fc-timegrid-slot fc-timegrid-slot-lane fc-timegrid-slot-minor"
                                data-time="06:30:00"
                              />
                            </tr>
                            <tr>
                              <td
                                class="fc-timegrid-slot fc-timegrid-slot-label fc-scrollgrid-shrink"
                                data-time="07:00:00"
                              >
                                <div
                                  class="fc-timegrid-slot-label-frame fc-scrollgrid-shrink-frame"
                                >
                                  <div
                                    class="fc-timegrid-slot-label-cushion fc-scrollgrid-shrink-cushion"
                                  >
                                    7am
                                  </div>
                                </div>
                              </td>
                              <td
                                class="fc-timegrid-slot fc-timegrid-slot-lane "
                                data-time="07:00:00"
                              />
                            </tr>
                            <tr>
                              <td
                                class="fc-timegrid-slot fc-timegrid-slot-label fc-timegrid-slot-minor"
                                data-time="07:30:00"
                              />
                              <td
                                class="fc-timegrid-slot fc-timegrid-slot-lane fc-timegrid-slot-minor"
                                data-time="07:30:00"
                              />
                            </tr>
                            <tr>
                              <td
                                class="fc-timegrid-slot fc-timegrid-slot-label fc-scrollgrid-shrink"
                                data-time="08:00:00"
                              >
                                <div
                                  class="fc-timegrid-slot-label-frame fc-scrollgrid-shrink-frame"
                                >
                                  <div
                                    class="fc-timegrid-slot-label-cushion fc-scrollgrid-shrink-cushion"
                                  >
                                    8am
                                  </div>
                                </div>
                              </td>
                              <td
                                class="fc-timegrid-slot fc-timegrid-slot-lane "
                                data-time="08:00:00"
                              />
                            </tr>
                            <tr>
                              <td
                                class="fc-timegrid-slot fc-timegrid-slot-label fc-timegrid-slot-minor"
                                data-time="08:30:00"
                              />
                              <td
                                class="fc-timegrid-slot fc-timegrid-slot-lane fc-timegrid-slot-minor"
                                data-time="08:30:00"
                              />
                            </tr>
                            <tr>
                              <td
                                class="fc-timegrid-slot fc-timegrid-slot-label fc-scrollgrid-shrink"
                                data-time="09:00:00"
                              >
                                <div
                                  class="fc-timegrid-slot-label-frame fc-scrollgrid-shrink-frame"
                                >
                                  <div
                                    class="fc-timegrid-slot-label-cushion fc-scrollgrid-shrink-cushion"
                                  >
                                    9am
                                  </div>
                                </div>
                              </td>
                              <td
                                class="fc-timegrid-slot fc-timegrid-slot-lane "
                                data-time="09:00:00"
                              />
                            </tr>
                            <tr>
                              <td
                                class="fc-timegrid-slot fc-timegrid-slot-label fc-timegrid-slot-minor"
                                data-time="09:30:00"
                              />
                              <td
                                class="fc-timegrid-slot fc-timegrid-slot-lane fc-timegrid-slot-minor"
                                data-time="09:30:00"
                              />
                            </tr>
                            <tr>
                              <td
                                class="fc-timegrid-slot fc-timegrid-slot-label fc-scrollgrid-shrink"
                                data-time="10:00:00"
                              >
                                <div
                                  class="fc-timegrid-slot-label-frame fc-scrollgrid-shrink-frame"
                                >
                                  <div
                                    class="fc-timegrid-slot-label-cushion fc-scrollgrid-shrink-cushion"
                                  >
                                    10am
                                  </div>
                                </div>
                              </td>
                              <td
                                class="fc-timegrid-slot fc-timegrid-slot-lane "
                                data-time="10:00:00"
                              />
                            </tr>
                            <tr>
                              <td
                                class="fc-timegrid-slot fc-timegrid-slot-label fc-timegrid-slot-minor"
                                data-time="10:30:00"
                              />
                              <td
                                class="fc-timegrid-slot fc-timegrid-slot-lane fc-timegrid-slot-minor"
                                data-time="10:30:00"
                              />
                            </tr>
                            <tr>
                              <td
                                class="fc-timegrid-slot fc-timegrid-slot-label fc-scrollgrid-shrink"
                                data-time="11:00:00"
                              >
                                <div
                                  class="fc-timegrid-slot-label-frame fc-scrollgrid-shrink-frame"
                                >
                                  <div
                                    class="fc-timegrid-slot-label-cushion fc-scrollgrid-shrink-cushion"
                                  >
                                    11am
                                  </div>
                                </div>
                              </td>
                              <td
                                class="fc-timegrid-slot fc-timegrid-slot-lane "
                                data-time="11:00:00"
                              />
                            </tr>
                            <tr>
                              <td
                                class="fc-timegrid-slot fc-timegrid-slot-label fc-timegrid-slot-minor"
                                data-time="11:30:00"
                              />
                              <td
                                class="fc-timegrid-slot fc-timegrid-slot-lane fc-timegrid-slot-minor"
                                data-time="11:30:00"
                              />
                            </tr>
                            <tr>
                              <td
                                class="fc-timegrid-slot fc-timegrid-slot-label fc-scrollgrid-shrink"
                                data-time="12:00:00"
                              >
                                <div
                                  class="fc-timegrid-slot-label-frame fc-scrollgrid-shrink-frame"
                                >
                                  <div
                                    class="fc-timegrid-slot-label-cushion fc-scrollgrid-shrink-cushion"
                                  >
                                    12pm
                                  </div>
                                </div>
                              </td>
                              <td
                                class="fc-timegrid-slot fc-timegrid-slot-lane "
                                data-time="12:00:00"
                              />
                            </tr>
                            <tr>
                              <td
                                class="fc-timegrid-slot fc-timegrid-slot-label fc-timegrid-slot-minor"
                                data-time="12:30:00"
                              />
                              <td
                                class="fc-timegrid-slot fc-timegrid-slot-lane fc-timegrid-slot-minor"
                                data-time="12:30:00"
                              />
                            </tr>
                            <tr>
                              <td
                                class="fc-timegrid-slot fc-timegrid-slot-label fc-scrollgrid-shrink"
                                data-time="13:00:00"
                              >
                                <div
                                  class="fc-timegrid-slot-label-frame fc-scrollgrid-shrink-frame"
                                >
                                  <div
                                    class="fc-timegrid-slot-label-cushion fc-scrollgrid-shrink-cushion"
                                  >
                                    1pm
                                  </div>
                                </div>
                              </td>
                              <td
                                class="fc-timegrid-slot fc-timegrid-slot-lane "
                                data-time="13:00:00"
                              />
                            </tr>
                            <tr>
                              <td
                                class="fc-timegrid-slot fc-timegrid-slot-label fc-timegrid-slot-minor"
                                data-time="13:30:00"
                              />
                              <td
                                class="fc-timegrid-slot fc-timegrid-slot-lane fc-timegrid-slot-minor"
                                data-time="13:30:00"
                              />
                            </tr>
                            <tr>
                              <td
                                class="fc-timegrid-slot fc-timegrid-slot-label fc-scrollgrid-shrink"
                                data-time="14:00:00"
                              >
                                <div
                                  class="fc-timegrid-slot-label-frame fc-scrollgrid-shrink-frame"
                                >
                                  <div
                                    class="fc-timegrid-slot-label-cushion fc-scrollgrid-shrink-cushion"
                                  >
                                    2pm
                                  </div>
                                </div>
                              </td>
                              <td
                                class="fc-timegrid-slot fc-timegrid-slot-lane "
                                data-time="14:00:00"
                              />
                            </tr>
                            <tr>
                              <td
                                class="fc-timegrid-slot fc-timegrid-slot-label fc-timegrid-slot-minor"
                                data-time="14:30:00"
                              />
                              <td
                                class="fc-timegrid-slot fc-timegrid-slot-lane fc-timegrid-slot-minor"
                                data-time="14:30:00"
                              />
                            </tr>
                            <tr>
                              <td
                                class="fc-timegrid-slot fc-timegrid-slot-label fc-scrollgrid-shrink"
                                data-time="15:00:00"
                              >
                                <div
                                  class="fc-timegrid-slot-label-frame fc-scrollgrid-shrink-frame"
                                >
                                  <div
                                    class="fc-timegrid-slot-label-cushion fc-scrollgrid-shrink-cushion"
                                  >
                                    3pm
                                  </div>
                                </div>
                              </td>
                              <td
                                class="fc-timegrid-slot fc-timegrid-slot-lane "
                                data-time="15:00:00"
                              />
                            </tr>
                            <tr>
                              <td
                                class="fc-timegrid-slot fc-timegrid-slot-label fc-timegrid-slot-minor"
                                data-time="15:30:00"
                              />
                              <td
                                class="fc-timegrid-slot fc-timegrid-slot-lane fc-timegrid-slot-minor"
                                data-time="15:30:00"
                              />
                            </tr>
                            <tr>
                              <td
                                class="fc-timegrid-slot fc-timegrid-slot-label fc-scrollgrid-shrink"
                                data-time="16:00:00"
                              >
                                <div
                                  class="fc-timegrid-slot-label-frame fc-scrollgrid-shrink-frame"
                                >
                                  <div
                                    class="fc-timegrid-slot-label-cushion fc-scrollgrid-shrink-cushion"
                                  >
                                    4pm
                                  </div>
                                </div>
                              </td>
                              <td
                                class="fc-timegrid-slot fc-timegrid-slot-lane "
                                data-time="16:00:00"
                              />
                            </tr>
                            <tr>
                              <td
                                class="fc-timegrid-slot fc-timegrid-slot-label fc-timegrid-slot-minor"
                                data-time="16:30:00"
                              />
                              <td
                                class="fc-timegrid-slot fc-timegrid-slot-lane fc-timegrid-slot-minor"
                                data-time="16:30:00"
                              />
                            </tr>
                            <tr>
                              <td
                                class="fc-timegrid-slot fc-timegrid-slot-label fc-scrollgrid-shrink"
                                data-time="17:00:00"
                              >
                                <div
                                  class="fc-timegrid-slot-label-frame fc-scrollgrid-shrink-frame"
                                >
                                  <div
                                    class="fc-timegrid-slot-label-cushion fc-scrollgrid-shrink-cushion"
                                  >
                                    5pm
                                  </div>
                                </div>
                              </td>
                              <td
                                class="fc-timegrid-slot fc-timegrid-slot-lane "
                                data-time="17:00:00"
                              />
                            </tr>
                            <tr>
                              <td
                                class="fc-timegrid-slot fc-timegrid-slot-label fc-timegrid-slot-minor"
                                data-time="17:30:00"
                              />
                              <td
                                class="fc-timegrid-slot fc-timegrid-slot-lane fc-timegrid-slot-minor"
                                data-time="17:30:00"
                              />
                            </tr>
                            <tr>
                              <td
                                class="fc-timegrid-slot fc-timegrid-slot-label fc-scrollgrid-shrink"
                                data-time="18:00:00"
                              >
                                <div
                                  class="fc-timegrid-slot-label-frame fc-scrollgrid-shrink-frame"
                                >
                                  <div
                                    class="fc-timegrid-slot-label-cushion fc-scrollgrid-shrink-cushion"
                                  >
                                    6pm
                                  </div>
                                </div>
                              </td>
                              <td
                                class="fc-timegrid-slot fc-timegrid-slot-lane "
                                data-time="18:00:00"
                              />
                            </tr>
                            <tr>
                              <td
                                class="fc-timegrid-slot fc-timegrid-slot-label fc-timegrid-slot-minor"
                                data-time="18:30:00"
                              />
                              <td
                                class="fc-timegrid-slot fc-timegrid-slot-lane fc-timegrid-slot-minor"
                                data-time="18:30:00"
                              />
                            </tr>
                            <tr>
                              <td
                                class="fc-timegrid-slot fc-timegrid-slot-label fc-scrollgrid-shrink"
                                data-time="19:00:00"
                              >
                                <div
                                  class="fc-timegrid-slot-label-frame fc-scrollgrid-shrink-frame"
                                >
                                  <div
                                    class="fc-timegrid-slot-label-cushion fc-scrollgrid-shrink-cushion"
                                  >
                                    7pm
                                  </div>
                                </div>
                              </td>
                              <td
                                class="fc-timegrid-slot fc-timegrid-slot-lane "
                                data-time="19:00:00"
                              />
                            </tr>
                            <tr>
                              <td
                                class="fc-timegrid-slot fc-timegrid-slot-label fc-timegrid-slot-minor"
                                data-time="19:30:00"
                              />
                              <td
                                class="fc-timegrid-slot fc-timegrid-slot-lane fc-timegrid-slot-minor"
                                data-time="19:30:00"
                              />
                            </tr>
                            <tr>
                              <td
                                class="fc-timegrid-slot fc-timegrid-slot-label fc-scrollgrid-shrink"
                                data-time="20:00:00"
                              >
                                <div
                                  class="fc-timegrid-slot-label-frame fc-scrollgrid-shrink-frame"
                                >
                                  <div
                                    class="fc-timegrid-slot-label-cushion fc-scrollgrid-shrink-cushion"
                                  >
                                    8pm
                                  </div>
                                </div>
                              </td>
                              <td
                                class="fc-timegrid-slot fc-timegrid-slot-lane "
                                data-time="20:00:00"
                              />
                            </tr>
                            <tr>
                              <td
                                class="fc-timegrid-slot fc-timegrid-slot-label fc-timegrid-slot-minor"
                                data-time="20:30:00"
                              />
                              <td
                                class="fc-timegrid-slot fc-timegrid-slot-lane fc-timegrid-slot-minor"
                                data-time="20:30:00"
                              />
                            </tr>
                            <tr>
                              <td
                                class="fc-timegrid-slot fc-timegrid-slot-label fc-scrollgrid-shrink"
                                data-time="21:00:00"
                              >
                                <div
                                  class="fc-timegrid-slot-label-frame fc-scrollgrid-shrink-frame"
                                >
                                  <div
                                    class="fc-timegrid-slot-label-cushion fc-scrollgrid-shrink-cushion"
                                  >
                                    9pm
                                  </div>
                                </div>
                              </td>
                              <td
                                class="fc-timegrid-slot fc-timegrid-slot-lane "
                                data-time="21:00:00"
                              />
                            </tr>
                            <tr>
                              <td
                                class="fc-timegrid-slot fc-timegrid-slot-label fc-timegrid-slot-minor"
                                data-time="21:30:00"
                              />
                              <td
                                class="fc-timegrid-slot fc-timegrid-slot-lane fc-timegrid-slot-minor"
                                data-time="21:30:00"
                              />
                            </tr>
                            <tr>
                              <td
                                class="fc-timegrid-slot fc-timegrid-slot-label fc-scrollgrid-shrink"
                                data-time="22:00:00"
                              >
                                <div
                                  class="fc-timegrid-slot-label-frame fc-scrollgrid-shrink-frame"
                                >
                                  <div
                                    class="fc-timegrid-slot-label-cushion fc-scrollgrid-shrink-cushion"
                                  >
                                    10pm
                                  </div>
                                </div>
                              </td>
                              <td
                                class="fc-timegrid-slot fc-timegrid-slot-lane "
                                data-time="22:00:00"
                              />
                            </tr>
                            <tr>
                              <td
                                class="fc-timegrid-slot fc-timegrid-slot-label fc-timegrid-slot-minor"
                                data-time="22:30:00"
                              />
                              <td
                                class="fc-timegrid-slot fc-timegrid-slot-lane fc-timegrid-slot-minor"
                                data-time="22:30:00"
                              />
                            </tr>
                            <tr>
                              <td
                                class="fc-timegrid-slot fc-timegrid-slot-label fc-scrollgrid-shrink"
                                data-time="23:00:00"
                              >
                                <div
                                  class="fc-timegrid-slot-label-frame fc-scrollgrid-shrink-frame"
                                >
                                  <div
                                    class="fc-timegrid-slot-label-cushion fc-scrollgrid-shrink-cushion"
                                  >
                                    11pm
                                  </div>
                                </div>
                              </td>
                              <td
                                class="fc-timegrid-slot fc-timegrid-slot-lane "
                                data-time="23:00:00"
                              />
                            </tr>
                            <tr>
                              <td
                                class="fc-timegrid-slot fc-timegrid-slot-label fc-timegrid-slot-minor"
                                data-time="23:30:00"
                              />
                              <td
                                class="fc-timegrid-slot fc-timegrid-slot-lane fc-timegrid-slot-minor"
                                data-time="23:30:00"
                              />
                            </tr>
                          </tbody>
                        </table>
                      </div>
                      <div
                        class="fc-timegrid-cols"
                      >
                        <table
                          style="width: 0px;"
                        >
                          <colgroup>
                            <col
                              style="width: 0px;"
                            />
                          </colgroup>
                          <tbody>
                            <tr>
                              <td
                                class="fc-timegrid-col fc-timegrid-axis"
                              >
                                <div
                                  class="fc-timegrid-col-frame"
                                >
                                  <div
                                    class="fc-timegrid-now-indicator-container"
                                  />
                                </div>
                              </td>
                              <td
                                class="fc-timegrid-col fc-day fc-day-mon fc-day-past"
                                data-date="2020-12-28"
                              >
                                <div
                                  class="fc-timegrid-col-frame"
                                >
                                  <div
                                    class="fc-timegrid-col-bg"
                                  />
                                  <div
                                    class="fc-timegrid-col-events"
                                  />
                                  <div
                                    class="fc-timegrid-col-events"
                                  />
                                  <div
                                    class="fc-timegrid-now-indicator-container"
                                  />
                                </div>
                              </td>
                              <td
                                class="fc-timegrid-col fc-day fc-day-tue fc-day-past"
                                data-date="2020-12-29"
                              >
                                <div
                                  class="fc-timegrid-col-frame"
                                >
                                  <div
                                    class="fc-timegrid-col-bg"
                                  />
                                  <div
                                    class="fc-timegrid-col-events"
                                  />
                                  <div
                                    class="fc-timegrid-col-events"
                                  />
                                  <div
                                    class="fc-timegrid-now-indicator-container"
                                  />
                                </div>
                              </td>
                              <td
                                class="fc-timegrid-col fc-day fc-day-wed fc-day-past"
                                data-date="2020-12-30"
                              >
                                <div
                                  class="fc-timegrid-col-frame"
                                >
                                  <div
                                    class="fc-timegrid-col-bg"
                                  />
                                  <div
                                    class="fc-timegrid-col-events"
                                  />
                                  <div
                                    class="fc-timegrid-col-events"
                                  />
                                  <div
                                    class="fc-timegrid-now-indicator-container"
                                  />
                                </div>
                              </td>
                              <td
                                class="fc-timegrid-col fc-day fc-day-thu fc-day-past"
                                data-date="2020-12-31"
                              >
                                <div
                                  class="fc-timegrid-col-frame"
                                >
                                  <div
                                    class="fc-timegrid-col-bg"
                                  />
                                  <div
                                    class="fc-timegrid-col-events"
                                  />
                                  <div
                                    class="fc-timegrid-col-events"
                                  />
                                  <div
                                    class="fc-timegrid-now-indicator-container"
                                  />
                                </div>
                              </td>
                              <td
                                class="fc-timegrid-col fc-day fc-day-fri fc-day-past"
                                data-date="2021-01-01"
                              >
                                <div
                                  class="fc-timegrid-col-frame"
                                >
                                  <div
                                    class="fc-timegrid-col-bg"
                                  />
                                  <div
                                    class="fc-timegrid-col-events"
                                  />
                                  <div
                                    class="fc-timegrid-col-events"
                                  />
                                  <div
                                    class="fc-timegrid-now-indicator-container"
                                  />
                                </div>
                              </td>
                              <td
                                class="fc-timegrid-col fc-day fc-day-sat fc-day-past"
                                data-date="2021-01-02"
                              >
                                <div
                                  class="fc-timegrid-col-frame"
                                >
                                  <div
                                    class="fc-timegrid-col-bg"
                                  />
                                  <div
                                    class="fc-timegrid-col-events"
                                  />
                                  <div
                                    class="fc-timegrid-col-events"
                                  />
                                  <div
                                    class="fc-timegrid-now-indicator-container"
                                  />
                                </div>
                              </td>
                              <td
                                class="fc-timegrid-col fc-day fc-day-sun fc-day-past"
                                data-date="2021-01-03"
                              >
                                <div
                                  class="fc-timegrid-col-frame"
                                >
                                  <div
                                    class="fc-timegrid-col-bg"
                                  />
                                  <div
                                    class="fc-timegrid-col-events"
                                  />
                                  <div
                                    class="fc-timegrid-col-events"
                                  />
                                  <div
                                    class="fc-timegrid-now-indicator-container"
                                  />
                                </div>
                              </td>
                            </tr>
                          </tbody>
                        </table>
                      </div>
                    </div>
                  </div>
                </div>
              </td>
            </tr>
          </tbody>
        </table>
      </div>
    </div>
  </div>
</DocumentFragment>
`;
